// Jest Snapshot v1, https://goo.gl/fbAQLP

exports[`Test Homepage successfully Should homepage exists 1`] = `
<div>
  <div
    class="sc-bqiQRQ kgKXYI"
  >
    <div
      class="sc-hBURRC gKDKkA"
    >
      <h1>
        Rastreio
        <span>
          .
        </span>
        fast
      </h1>
    </div>
    <div
      class="sc-ksdxAp gdNJwt"
    >
      <input
        class="sc-fotPbf fnQypi"
        maxlength="15"
        placeholder="Code here"
        required=""
        type="text"
      />
      <button
        type="button"
      >
        Track order
      </button>
    </div>
  </div>
  <div
    class="sc-egiSv fFrwtl"
  >
    <p>
      Created with ðŸ’› by
       
      <a
        href="/https://github.com/TiagoBarros01"
        rel="noreferrer"
        target="_blank"
      >
        Tiago Barros
      </a>
    </p>
  </div>
</div>
`;
